// Jest Snapshot v1, https://goo.gl/fbAQLP

exports[`SignIn should mock snapshot 1`] = `ShallowWrapper {}`;
